Archive member included to satisfy reference by file (symbol)

d:/gnu_tools/gnu arm embedded toolchain/10 2021.10/bin/../lib/gcc/arm-none-eabi/10.3.1/../../../../arm-none-eabi/lib/thumb/v7e-m+fp/hard\libc_nano.a(lib_a-exit.o)
                              d:/gnu_tools/gnu arm embedded toolchain/10 2021.10/bin/../lib/gcc/arm-none-eabi/10.3.1/../../../../arm-none-eabi/lib/thumb/v7e-m+fp/hard/crt0.o (exit)
d:/gnu_tools/gnu arm embedded toolchain/10 2021.10/bin/../lib/gcc/arm-none-eabi/10.3.1/../../../../arm-none-eabi/lib/thumb/v7e-m+fp/hard\libc_nano.a(lib_a-impure.o)
                              d:/gnu_tools/gnu arm embedded toolchain/10 2021.10/bin/../lib/gcc/arm-none-eabi/10.3.1/../../../../arm-none-eabi/lib/thumb/v7e-m+fp/hard\libc_nano.a(lib_a-exit.o) (_global_impure_ptr)
d:/gnu_tools/gnu arm embedded toolchain/10 2021.10/bin/../lib/gcc/arm-none-eabi/10.3.1/../../../../arm-none-eabi/lib/thumb/v7e-m+fp/hard\libc_nano.a(lib_a-init.o)
                              d:/gnu_tools/gnu arm embedded toolchain/10 2021.10/bin/../lib/gcc/arm-none-eabi/10.3.1/../../../../arm-none-eabi/lib/thumb/v7e-m+fp/hard/crt0.o (__libc_init_array)
d:/gnu_tools/gnu arm embedded toolchain/10 2021.10/bin/../lib/gcc/arm-none-eabi/10.3.1/../../../../arm-none-eabi/lib/thumb/v7e-m+fp/hard\libc_nano.a(lib_a-memset.o)
                              d:/gnu_tools/gnu arm embedded toolchain/10 2021.10/bin/../lib/gcc/arm-none-eabi/10.3.1/../../../../arm-none-eabi/lib/thumb/v7e-m+fp/hard/crt0.o (memset)
d:/gnu_tools/gnu arm embedded toolchain/10 2021.10/bin/../lib/gcc/arm-none-eabi/10.3.1/../../../../arm-none-eabi/lib/thumb/v7e-m+fp/hard\libnosys.a(_exit.o)
                              d:/gnu_tools/gnu arm embedded toolchain/10 2021.10/bin/../lib/gcc/arm-none-eabi/10.3.1/../../../../arm-none-eabi/lib/thumb/v7e-m+fp/hard\libc_nano.a(lib_a-exit.o) (_exit)

Discarded input sections

 .text          0x00000000        0x0 d:/gnu_tools/gnu arm embedded toolchain/10 2021.10/bin/../lib/gcc/arm-none-eabi/10.3.1/thumb/v7e-m+fp/hard/crti.o
 .data          0x00000000        0x0 d:/gnu_tools/gnu arm embedded toolchain/10 2021.10/bin/../lib/gcc/arm-none-eabi/10.3.1/thumb/v7e-m+fp/hard/crti.o
 .bss           0x00000000        0x0 d:/gnu_tools/gnu arm embedded toolchain/10 2021.10/bin/../lib/gcc/arm-none-eabi/10.3.1/thumb/v7e-m+fp/hard/crti.o
 .data          0x00000000        0x4 d:/gnu_tools/gnu arm embedded toolchain/10 2021.10/bin/../lib/gcc/arm-none-eabi/10.3.1/thumb/v7e-m+fp/hard/crtbegin.o
 .rodata        0x00000000       0x24 d:/gnu_tools/gnu arm embedded toolchain/10 2021.10/bin/../lib/gcc/arm-none-eabi/10.3.1/thumb/v7e-m+fp/hard/crtbegin.o
 .text          0x00000000       0x7c d:/gnu_tools/gnu arm embedded toolchain/10 2021.10/bin/../lib/gcc/arm-none-eabi/10.3.1/../../../../arm-none-eabi/lib/thumb/v7e-m+fp/hard/crt0.o
 .data          0x00000000        0x0 d:/gnu_tools/gnu arm embedded toolchain/10 2021.10/bin/../lib/gcc/arm-none-eabi/10.3.1/../../../../arm-none-eabi/lib/thumb/v7e-m+fp/hard/crt0.o
 .bss           0x00000000        0x0 d:/gnu_tools/gnu arm embedded toolchain/10 2021.10/bin/../lib/gcc/arm-none-eabi/10.3.1/../../../../arm-none-eabi/lib/thumb/v7e-m+fp/hard/crt0.o
 .ARM.extab     0x00000000        0x0 d:/gnu_tools/gnu arm embedded toolchain/10 2021.10/bin/../lib/gcc/arm-none-eabi/10.3.1/../../../../arm-none-eabi/lib/thumb/v7e-m+fp/hard/crt0.o
 .ARM.exidx     0x00000000       0x10 d:/gnu_tools/gnu arm embedded toolchain/10 2021.10/bin/../lib/gcc/arm-none-eabi/10.3.1/../../../../arm-none-eabi/lib/thumb/v7e-m+fp/hard/crt0.o
 .ARM.attributes
                0x00000000       0x1c d:/gnu_tools/gnu arm embedded toolchain/10 2021.10/bin/../lib/gcc/arm-none-eabi/10.3.1/../../../../arm-none-eabi/lib/thumb/v7e-m+fp/hard/crt0.o
 .text          0x00000000        0x0 .build/main.o
 .data          0x00000000        0x0 .build/main.o
 .bss           0x00000000        0x0 .build/main.o
 .text          0x00000000        0x0 .build/GPIO.o
 .data          0x00000000        0x0 .build/GPIO.o
 .bss           0x00000000        0x0 .build/GPIO.o
 .text.tooglePIN
                0x00000000       0x12 .build/GPIO.o
 .text.GPIO_PinSet
                0x00000000        0x4 .build/GPIO.o
 .text.GPIO_PinReset
                0x00000000        0xa .build/GPIO.o
 .text.Led_Cfg  0x00000000       0x3c .build/GPIO.o
 .text.toggleLed
                0x00000000       0x14 .build/GPIO.o
 .text          0x00000000        0x0 .build/System.o
 .data          0x00000000        0x0 .build/System.o
 .bss           0x00000000        0x0 .build/System.o
 .text.GetSysTime
                0x00000000        0xc .build/System.o
 .text.RegisterSysTickCallBack
                0x00000000        0xc .build/System.o
 .text.DelayMs  0x00000000       0x1c .build/System.o
 .text.EnablePwrDomain
                0x00000000       0x1c .build/System.o
 .text.EntryStandby
                0x00000000       0x28 .build/System.o
 .text.EntryStopMode
                0x00000000       0x28 .build/System.o
 .text.EntryWFI
                0x00000000       0x28 .build/System.o
 .text          0x00000000        0x0 .build/RTC.o
 .data          0x00000000        0x0 .build/RTC.o
 .bss           0x00000000        0x0 .build/RTC.o
 .text.RTC_Init
                0x00000000       0x68 .build/RTC.o
 .text.RTC_Set_Time
                0x00000000       0x64 .build/RTC.o
 .text.RTC_Set_Date
                0x00000000       0x70 .build/RTC.o
 .text.RTC_Start
                0x00000000       0x2c .build/RTC.o
 .text.RTC_Get_Time
                0x00000000       0x44 .build/RTC.o
 .text.RTC_Get_Date
                0x00000000       0x4c .build/RTC.o
 .debug_info    0x00000000      0x9f6 .build/RTC.o
 .debug_abbrev  0x00000000      0x167 .build/RTC.o
 .debug_loc     0x00000000      0x47a .build/RTC.o
 .debug_aranges
                0x00000000       0x48 .build/RTC.o
 .debug_ranges  0x00000000       0x38 .build/RTC.o
 .debug_line    0x00000000      0x404 .build/RTC.o
 .debug_str     0x00000000      0x480 .build/RTC.o
 .comment       0x00000000       0x4a .build/RTC.o
 .debug_frame   0x00000000       0x9c .build/RTC.o
 .ARM.attributes
                0x00000000       0x34 .build/RTC.o
 .text          0x00000000        0x0 .build/usbd_api.o
 .data          0x00000000        0x0 .build/usbd_api.o
 .bss           0x00000000        0x0 .build/usbd_api.o
 .text          0x00000000        0x0 .build/usbd_fifo.o
 .data          0x00000000        0x0 .build/usbd_fifo.o
 .bss           0x00000000        0x0 .build/usbd_fifo.o
 .debug_line    0x00000000        0x0 .build/usbd_fifo.o
 .debug_str     0x00000000       0xf9 .build/usbd_fifo.o
 .comment       0x00000000       0x4a .build/usbd_fifo.o
 .ARM.attributes
                0x00000000       0x34 .build/usbd_fifo.o
 .text          0x00000000        0x0 .build/usbd_irq.o
 .data          0x00000000        0x0 .build/usbd_irq.o
 .bss           0x00000000        0x0 .build/usbd_irq.o
 .text          0x00000000       0x14 .build/_startup_stm32f401xc.o
 .data          0x00000000        0x0 .build/_startup_stm32f401xc.o
 .bss           0x00000000        0x0 .build/_startup_stm32f401xc.o
 .text          0x00000000        0x0 d:/gnu_tools/gnu arm embedded toolchain/10 2021.10/bin/../lib/gcc/arm-none-eabi/10.3.1/../../../../arm-none-eabi/lib/thumb/v7e-m+fp/hard\libc_nano.a(lib_a-exit.o)
 .data          0x00000000        0x0 d:/gnu_tools/gnu arm embedded toolchain/10 2021.10/bin/../lib/gcc/arm-none-eabi/10.3.1/../../../../arm-none-eabi/lib/thumb/v7e-m+fp/hard\libc_nano.a(lib_a-exit.o)
 .bss           0x00000000        0x0 d:/gnu_tools/gnu arm embedded toolchain/10 2021.10/bin/../lib/gcc/arm-none-eabi/10.3.1/../../../../arm-none-eabi/lib/thumb/v7e-m+fp/hard\libc_nano.a(lib_a-exit.o)
 .text.exit     0x00000000       0x28 d:/gnu_tools/gnu arm embedded toolchain/10 2021.10/bin/../lib/gcc/arm-none-eabi/10.3.1/../../../../arm-none-eabi/lib/thumb/v7e-m+fp/hard\libc_nano.a(lib_a-exit.o)
 .debug_frame   0x00000000       0x28 d:/gnu_tools/gnu arm embedded toolchain/10 2021.10/bin/../lib/gcc/arm-none-eabi/10.3.1/../../../../arm-none-eabi/lib/thumb/v7e-m+fp/hard\libc_nano.a(lib_a-exit.o)
 .ARM.attributes
                0x00000000       0x34 d:/gnu_tools/gnu arm embedded toolchain/10 2021.10/bin/../lib/gcc/arm-none-eabi/10.3.1/../../../../arm-none-eabi/lib/thumb/v7e-m+fp/hard\libc_nano.a(lib_a-exit.o)
 .text          0x00000000        0x0 d:/gnu_tools/gnu arm embedded toolchain/10 2021.10/bin/../lib/gcc/arm-none-eabi/10.3.1/../../../../arm-none-eabi/lib/thumb/v7e-m+fp/hard\libc_nano.a(lib_a-impure.o)
 .data          0x00000000        0x0 d:/gnu_tools/gnu arm embedded toolchain/10 2021.10/bin/../lib/gcc/arm-none-eabi/10.3.1/../../../../arm-none-eabi/lib/thumb/v7e-m+fp/hard\libc_nano.a(lib_a-impure.o)
 .bss           0x00000000        0x0 d:/gnu_tools/gnu arm embedded toolchain/10 2021.10/bin/../lib/gcc/arm-none-eabi/10.3.1/../../../../arm-none-eabi/lib/thumb/v7e-m+fp/hard\libc_nano.a(lib_a-impure.o)
 .data._impure_ptr
                0x00000000        0x4 d:/gnu_tools/gnu arm embedded toolchain/10 2021.10/bin/../lib/gcc/arm-none-eabi/10.3.1/../../../../arm-none-eabi/lib/thumb/v7e-m+fp/hard\libc_nano.a(lib_a-impure.o)
 .data.impure_data
                0x00000000       0x60 d:/gnu_tools/gnu arm embedded toolchain/10 2021.10/bin/../lib/gcc/arm-none-eabi/10.3.1/../../../../arm-none-eabi/lib/thumb/v7e-m+fp/hard\libc_nano.a(lib_a-impure.o)
 .rodata._global_impure_ptr
                0x00000000        0x4 d:/gnu_tools/gnu arm embedded toolchain/10 2021.10/bin/../lib/gcc/arm-none-eabi/10.3.1/../../../../arm-none-eabi/lib/thumb/v7e-m+fp/hard\libc_nano.a(lib_a-impure.o)
 .ARM.attributes
                0x00000000       0x34 d:/gnu_tools/gnu arm embedded toolchain/10 2021.10/bin/../lib/gcc/arm-none-eabi/10.3.1/../../../../arm-none-eabi/lib/thumb/v7e-m+fp/hard\libc_nano.a(lib_a-impure.o)
 .text          0x00000000        0x0 d:/gnu_tools/gnu arm embedded toolchain/10 2021.10/bin/../lib/gcc/arm-none-eabi/10.3.1/../../../../arm-none-eabi/lib/thumb/v7e-m+fp/hard\libc_nano.a(lib_a-init.o)
 .data          0x00000000        0x0 d:/gnu_tools/gnu arm embedded toolchain/10 2021.10/bin/../lib/gcc/arm-none-eabi/10.3.1/../../../../arm-none-eabi/lib/thumb/v7e-m+fp/hard\libc_nano.a(lib_a-init.o)
 .bss           0x00000000        0x0 d:/gnu_tools/gnu arm embedded toolchain/10 2021.10/bin/../lib/gcc/arm-none-eabi/10.3.1/../../../../arm-none-eabi/lib/thumb/v7e-m+fp/hard\libc_nano.a(lib_a-init.o)
 .text          0x00000000        0x0 d:/gnu_tools/gnu arm embedded toolchain/10 2021.10/bin/../lib/gcc/arm-none-eabi/10.3.1/../../../../arm-none-eabi/lib/thumb/v7e-m+fp/hard\libc_nano.a(lib_a-memset.o)
 .data          0x00000000        0x0 d:/gnu_tools/gnu arm embedded toolchain/10 2021.10/bin/../lib/gcc/arm-none-eabi/10.3.1/../../../../arm-none-eabi/lib/thumb/v7e-m+fp/hard\libc_nano.a(lib_a-memset.o)
 .bss           0x00000000        0x0 d:/gnu_tools/gnu arm embedded toolchain/10 2021.10/bin/../lib/gcc/arm-none-eabi/10.3.1/../../../../arm-none-eabi/lib/thumb/v7e-m+fp/hard\libc_nano.a(lib_a-memset.o)
 .text.memset   0x00000000       0x10 d:/gnu_tools/gnu arm embedded toolchain/10 2021.10/bin/../lib/gcc/arm-none-eabi/10.3.1/../../../../arm-none-eabi/lib/thumb/v7e-m+fp/hard\libc_nano.a(lib_a-memset.o)
 .debug_frame   0x00000000       0x20 d:/gnu_tools/gnu arm embedded toolchain/10 2021.10/bin/../lib/gcc/arm-none-eabi/10.3.1/../../../../arm-none-eabi/lib/thumb/v7e-m+fp/hard\libc_nano.a(lib_a-memset.o)
 .ARM.attributes
                0x00000000       0x34 d:/gnu_tools/gnu arm embedded toolchain/10 2021.10/bin/../lib/gcc/arm-none-eabi/10.3.1/../../../../arm-none-eabi/lib/thumb/v7e-m+fp/hard\libc_nano.a(lib_a-memset.o)
 .text          0x00000000        0x0 d:/gnu_tools/gnu arm embedded toolchain/10 2021.10/bin/../lib/gcc/arm-none-eabi/10.3.1/../../../../arm-none-eabi/lib/thumb/v7e-m+fp/hard\libnosys.a(_exit.o)
 .data          0x00000000        0x0 d:/gnu_tools/gnu arm embedded toolchain/10 2021.10/bin/../lib/gcc/arm-none-eabi/10.3.1/../../../../arm-none-eabi/lib/thumb/v7e-m+fp/hard\libnosys.a(_exit.o)
 .bss           0x00000000        0x0 d:/gnu_tools/gnu arm embedded toolchain/10 2021.10/bin/../lib/gcc/arm-none-eabi/10.3.1/../../../../arm-none-eabi/lib/thumb/v7e-m+fp/hard\libnosys.a(_exit.o)
 .text._exit    0x00000000        0x4 d:/gnu_tools/gnu arm embedded toolchain/10 2021.10/bin/../lib/gcc/arm-none-eabi/10.3.1/../../../../arm-none-eabi/lib/thumb/v7e-m+fp/hard\libnosys.a(_exit.o)
 .debug_frame   0x00000000       0x20 d:/gnu_tools/gnu arm embedded toolchain/10 2021.10/bin/../lib/gcc/arm-none-eabi/10.3.1/../../../../arm-none-eabi/lib/thumb/v7e-m+fp/hard\libnosys.a(_exit.o)
 .ARM.attributes
                0x00000000       0x34 d:/gnu_tools/gnu arm embedded toolchain/10 2021.10/bin/../lib/gcc/arm-none-eabi/10.3.1/../../../../arm-none-eabi/lib/thumb/v7e-m+fp/hard\libnosys.a(_exit.o)
 .text          0x00000000        0x0 d:/gnu_tools/gnu arm embedded toolchain/10 2021.10/bin/../lib/gcc/arm-none-eabi/10.3.1/thumb/v7e-m+fp/hard/crtend.o
 .data          0x00000000        0x0 d:/gnu_tools/gnu arm embedded toolchain/10 2021.10/bin/../lib/gcc/arm-none-eabi/10.3.1/thumb/v7e-m+fp/hard/crtend.o
 .bss           0x00000000        0x0 d:/gnu_tools/gnu arm embedded toolchain/10 2021.10/bin/../lib/gcc/arm-none-eabi/10.3.1/thumb/v7e-m+fp/hard/crtend.o
 .rodata        0x00000000       0x24 d:/gnu_tools/gnu arm embedded toolchain/10 2021.10/bin/../lib/gcc/arm-none-eabi/10.3.1/thumb/v7e-m+fp/hard/crtend.o
 .eh_frame      0x00000000        0x4 d:/gnu_tools/gnu arm embedded toolchain/10 2021.10/bin/../lib/gcc/arm-none-eabi/10.3.1/thumb/v7e-m+fp/hard/crtend.o
 .ARM.attributes
                0x00000000       0x34 d:/gnu_tools/gnu arm embedded toolchain/10 2021.10/bin/../lib/gcc/arm-none-eabi/10.3.1/thumb/v7e-m+fp/hard/crtend.o
 .text          0x00000000        0x0 d:/gnu_tools/gnu arm embedded toolchain/10 2021.10/bin/../lib/gcc/arm-none-eabi/10.3.1/thumb/v7e-m+fp/hard/crtn.o
 .data          0x00000000        0x0 d:/gnu_tools/gnu arm embedded toolchain/10 2021.10/bin/../lib/gcc/arm-none-eabi/10.3.1/thumb/v7e-m+fp/hard/crtn.o
 .bss           0x00000000        0x0 d:/gnu_tools/gnu arm embedded toolchain/10 2021.10/bin/../lib/gcc/arm-none-eabi/10.3.1/thumb/v7e-m+fp/hard/crtn.o

Memory Configuration

Name             Origin             Length             Attributes
RAM              0x20000000         0x00010000         xrw
FLASH            0x08000000         0x00040000         xr
*default*        0x00000000         0xffffffff

Linker script and memory map

LOAD d:/gnu_tools/gnu arm embedded toolchain/10 2021.10/bin/../lib/gcc/arm-none-eabi/10.3.1/thumb/v7e-m+fp/hard/crti.o
LOAD d:/gnu_tools/gnu arm embedded toolchain/10 2021.10/bin/../lib/gcc/arm-none-eabi/10.3.1/thumb/v7e-m+fp/hard/crtbegin.o
LOAD d:/gnu_tools/gnu arm embedded toolchain/10 2021.10/bin/../lib/gcc/arm-none-eabi/10.3.1/../../../../arm-none-eabi/lib/thumb/v7e-m+fp/hard/crt0.o
LOAD .build/main.o
LOAD .build/GPIO.o
LOAD .build/System.o
LOAD .build/RTC.o
LOAD .build/usbd_api.o
LOAD .build/usbd_fifo.o
LOAD .build/usbd_irq.o
LOAD .build/_startup_stm32f401xc.o
LOAD d:/gnu_tools/gnu arm embedded toolchain/10 2021.10/bin/../lib/gcc/arm-none-eabi/10.3.1/../../../../arm-none-eabi/lib/thumb/v7e-m+fp/hard\libc_nano.a
LOAD d:/gnu_tools/gnu arm embedded toolchain/10 2021.10/bin/../lib/gcc/arm-none-eabi/10.3.1/../../../../arm-none-eabi/lib/thumb/v7e-m+fp/hard\libm.a
LOAD d:/gnu_tools/gnu arm embedded toolchain/10 2021.10/bin/../lib/gcc/arm-none-eabi/10.3.1/../../../../arm-none-eabi/lib/thumb/v7e-m+fp/hard\libnosys.a
START GROUP
LOAD d:/gnu_tools/gnu arm embedded toolchain/10 2021.10/bin/../lib/gcc/arm-none-eabi/10.3.1/thumb/v7e-m+fp/hard\libgcc.a
LOAD d:/gnu_tools/gnu arm embedded toolchain/10 2021.10/bin/../lib/gcc/arm-none-eabi/10.3.1/../../../../arm-none-eabi/lib/thumb/v7e-m+fp/hard\libc_nano.a
END GROUP
START GROUP
LOAD d:/gnu_tools/gnu arm embedded toolchain/10 2021.10/bin/../lib/gcc/arm-none-eabi/10.3.1/thumb/v7e-m+fp/hard\libgcc.a
LOAD d:/gnu_tools/gnu arm embedded toolchain/10 2021.10/bin/../lib/gcc/arm-none-eabi/10.3.1/../../../../arm-none-eabi/lib/thumb/v7e-m+fp/hard\libc_nano.a
END GROUP
LOAD d:/gnu_tools/gnu arm embedded toolchain/10 2021.10/bin/../lib/gcc/arm-none-eabi/10.3.1/thumb/v7e-m+fp/hard/crtend.o
LOAD d:/gnu_tools/gnu arm embedded toolchain/10 2021.10/bin/../lib/gcc/arm-none-eabi/10.3.1/thumb/v7e-m+fp/hard/crtn.o
                0x20010000                _estack = (ORIGIN (RAM) + LENGTH (RAM))
                0x00000200                _Min_Heap_Size = 0x200
                0x00000400                _Min_Stack_Size = 0x400

.isr_vector     0x08000000      0x194
                0x08000000                . = ALIGN (0x4)
 *(.isr_vector)
 .isr_vector    0x08000000      0x194 .build/_startup_stm32f401xc.o
                0x08000000                g_pfnVectors
                0x08000194                . = ALIGN (0x4)

.text           0x08000194      0x378
                0x08000194                . = ALIGN (0x4)
 *(.text)
 .text          0x08000194       0x40 d:/gnu_tools/gnu arm embedded toolchain/10 2021.10/bin/../lib/gcc/arm-none-eabi/10.3.1/thumb/v7e-m+fp/hard/crtbegin.o
 *(.text*)
 .text.main     0x080001d4       0x10 .build/main.o
                0x080001d4                main
 .text.GPIO_Init
                0x080001e4       0xd8 .build/GPIO.o
                0x080001e4                GPIO_Init
 .text.ConfigSysTick1ms
                0x080002bc       0x2c .build/System.o
                0x080002bc                ConfigSysTick1ms
 .text.SysTick_Handler
                0x080002e8       0x20 .build/System.o
                0x080002e8                SysTick_Handler
 .text.PLL_Config84Mhz
                0x08000308       0xb0 .build/System.o
                0x08000308                PLL_Config84Mhz
 .text.USBD_periphInit
                0x080003b8       0xa0 .build/usbd_api.o
                0x080003b8                USBD_periphInit
 .text.OTG_FS_IRQHandler
                0x08000458        0x2 .build/usbd_irq.o
                0x08000458                OTG_FS_IRQHandler
 *fill*         0x0800045a        0x2 
 .text.Reset_Handler
                0x0800045c       0x4c .build/_startup_stm32f401xc.o
                0x0800045c                Reset_Handler
 .text.Default_Handler
                0x080004a8        0x2 .build/_startup_stm32f401xc.o
                0x080004a8                RTC_Alarm_IRQHandler
                0x080004a8                EXTI2_IRQHandler
                0x080004a8                DebugMon_Handler
                0x080004a8                SPI4_IRQHandler
                0x080004a8                TIM1_CC_IRQHandler
                0x080004a8                DMA2_Stream5_IRQHandler
                0x080004a8                HardFault_Handler
                0x080004a8                DMA1_Stream5_IRQHandler
                0x080004a8                PVD_IRQHandler
                0x080004a8                SDIO_IRQHandler
                0x080004a8                TAMP_STAMP_IRQHandler
                0x080004a8                PendSV_Handler
                0x080004a8                NMI_Handler
                0x080004a8                EXTI3_IRQHandler
                0x080004a8                TIM1_UP_TIM10_IRQHandler
                0x080004a8                I2C3_ER_IRQHandler
                0x080004a8                EXTI0_IRQHandler
                0x080004a8                I2C2_EV_IRQHandler
                0x080004a8                DMA1_Stream2_IRQHandler
                0x080004a8                FPU_IRQHandler
                0x080004a8                UsageFault_Handler
                0x080004a8                DMA2_Stream2_IRQHandler
                0x080004a8                SPI1_IRQHandler
                0x080004a8                TIM1_BRK_TIM9_IRQHandler
                0x080004a8                DMA2_Stream3_IRQHandler
                0x080004a8                USART6_IRQHandler
                0x080004a8                DMA2_Stream0_IRQHandler
                0x080004a8                TIM4_IRQHandler
                0x080004a8                I2C1_EV_IRQHandler
                0x080004a8                DMA1_Stream6_IRQHandler
                0x080004a8                DMA1_Stream1_IRQHandler
                0x080004a8                TIM3_IRQHandler
                0x080004a8                RCC_IRQHandler
                0x080004a8                Default_Handler
                0x080004a8                EXTI15_10_IRQHandler
                0x080004a8                ADC_IRQHandler
                0x080004a8                DMA1_Stream7_IRQHandler
                0x080004a8                TIM5_IRQHandler
                0x080004a8                DMA2_Stream7_IRQHandler
                0x080004a8                I2C3_EV_IRQHandler
                0x080004a8                EXTI9_5_IRQHandler
                0x080004a8                RTC_WKUP_IRQHandler
                0x080004a8                SPI2_IRQHandler
                0x080004a8                MemManage_Handler
                0x080004a8                DMA1_Stream0_IRQHandler
                0x080004a8                SVC_Handler
                0x080004a8                EXTI4_IRQHandler
                0x080004a8                WWDG_IRQHandler
                0x080004a8                TIM2_IRQHandler
                0x080004a8                OTG_FS_WKUP_IRQHandler
                0x080004a8                TIM1_TRG_COM_TIM11_IRQHandler
                0x080004a8                EXTI1_IRQHandler
                0x080004a8                USART2_IRQHandler
                0x080004a8                I2C2_ER_IRQHandler
                0x080004a8                DMA2_Stream1_IRQHandler
                0x080004a8                FLASH_IRQHandler
                0x080004a8                DMA2_Stream4_IRQHandler
                0x080004a8                BusFault_Handler
                0x080004a8                USART1_IRQHandler
                0x080004a8                SPI3_IRQHandler
                0x080004a8                DMA1_Stream4_IRQHandler
                0x080004a8                I2C1_ER_IRQHandler
                0x080004a8                DMA2_Stream6_IRQHandler
                0x080004a8                DMA1_Stream3_IRQHandler
 *fill*         0x080004aa        0x2 
 .text.__libc_init_array
                0x080004ac       0x48 d:/gnu_tools/gnu arm embedded toolchain/10 2021.10/bin/../lib/gcc/arm-none-eabi/10.3.1/../../../../arm-none-eabi/lib/thumb/v7e-m+fp/hard\libc_nano.a(lib_a-init.o)
                0x080004ac                __libc_init_array
 *(.glue_7)
 .glue_7        0x080004f4        0x0 linker stubs
 *(.glue_7t)
 .glue_7t       0x080004f4        0x0 linker stubs
 *(.eh_frame)
 .eh_frame      0x080004f4        0x0 d:/gnu_tools/gnu arm embedded toolchain/10 2021.10/bin/../lib/gcc/arm-none-eabi/10.3.1/thumb/v7e-m+fp/hard/crtbegin.o
 *(.init)
 .init          0x080004f4        0x4 d:/gnu_tools/gnu arm embedded toolchain/10 2021.10/bin/../lib/gcc/arm-none-eabi/10.3.1/thumb/v7e-m+fp/hard/crti.o
                0x080004f4                _init
 .init          0x080004f8        0x8 d:/gnu_tools/gnu arm embedded toolchain/10 2021.10/bin/../lib/gcc/arm-none-eabi/10.3.1/thumb/v7e-m+fp/hard/crtn.o
 *(.fini)
 .fini          0x08000500        0x4 d:/gnu_tools/gnu arm embedded toolchain/10 2021.10/bin/../lib/gcc/arm-none-eabi/10.3.1/thumb/v7e-m+fp/hard/crti.o
                0x08000500                _fini
 .fini          0x08000504        0x8 d:/gnu_tools/gnu arm embedded toolchain/10 2021.10/bin/../lib/gcc/arm-none-eabi/10.3.1/thumb/v7e-m+fp/hard/crtn.o
                0x0800050c                . = ALIGN (0x4)
                0x0800050c                _etext = .

.vfp11_veneer   0x0800050c        0x0
 .vfp11_veneer  0x0800050c        0x0 linker stubs

.v4_bx          0x0800050c        0x0
 .v4_bx         0x0800050c        0x0 linker stubs

.iplt           0x0800050c        0x0
 .iplt          0x0800050c        0x0 d:/gnu_tools/gnu arm embedded toolchain/10 2021.10/bin/../lib/gcc/arm-none-eabi/10.3.1/thumb/v7e-m+fp/hard/crtbegin.o

.rel.dyn        0x0800050c        0x0
 .rel.iplt      0x0800050c        0x0 d:/gnu_tools/gnu arm embedded toolchain/10 2021.10/bin/../lib/gcc/arm-none-eabi/10.3.1/thumb/v7e-m+fp/hard/crtbegin.o

.rodata         0x0800050c        0x0
                0x0800050c                . = ALIGN (0x4)
 *(.rodata)
 *(.rodata*)
                0x0800050c                . = ALIGN (0x4)

.ARM.extab
 *(.ARM.extab* .gnu.linkonce.armextab.*)

.ARM            0x0800050c        0x0
                0x0800050c                __exidx_start = .
 *(.ARM.exidx*)
                0x0800050c                __exidx_end = .

.preinit_array  0x0800050c        0x0
                0x0800050c                PROVIDE (__preinit_array_start = .)
 *(.preinit_array*)
                0x0800050c                PROVIDE (__preinit_array_end = .)

.init_array     0x0800050c        0x4
                0x0800050c                PROVIDE (__init_array_start = .)
 *(SORT_BY_NAME(.init_array.*))
 *(.init_array*)
 .init_array    0x0800050c        0x4 d:/gnu_tools/gnu arm embedded toolchain/10 2021.10/bin/../lib/gcc/arm-none-eabi/10.3.1/thumb/v7e-m+fp/hard/crtbegin.o
                0x08000510                PROVIDE (__init_array_end = .)

.fini_array     0x08000510        0x4
                [!provide]                PROVIDE (__fini_array_start = .)
 *(SORT_BY_NAME(.fini_array.*))
 *(.fini_array*)
 .fini_array    0x08000510        0x4 d:/gnu_tools/gnu arm embedded toolchain/10 2021.10/bin/../lib/gcc/arm-none-eabi/10.3.1/thumb/v7e-m+fp/hard/crtbegin.o
                [!provide]                PROVIDE (__fini_array_end = .)
                0x08000514                _sidata = LOADADDR (.data)

.data           0x20000000        0x0 load address 0x08000514
                0x20000000                . = ALIGN (0x4)
                0x20000000                _sdata = .
 *(.data)
 *(.data*)
                0x20000000                . = ALIGN (0x4)
                0x20000000                _edata = .

.igot.plt       0x20000000        0x0 load address 0x08000514
 .igot.plt      0x20000000        0x0 d:/gnu_tools/gnu arm embedded toolchain/10 2021.10/bin/../lib/gcc/arm-none-eabi/10.3.1/thumb/v7e-m+fp/hard/crtbegin.o
                0x20000000                . = ALIGN (0x4)

.bss            0x20000000       0x30 load address 0x08000514
                0x20000000                _sbss = .
                0x20000000                __bss_start__ = _sbss
 *(.bss)
 .bss           0x20000000       0x1c d:/gnu_tools/gnu arm embedded toolchain/10 2021.10/bin/../lib/gcc/arm-none-eabi/10.3.1/thumb/v7e-m+fp/hard/crtbegin.o
 *(.bss*)
 .bss.StSysTickCallBack
                0x2000001c        0x4 .build/System.o
 .bss.SysTime   0x20000020        0x4 .build/System.o
                0x20000020                SysTime
 .bss.CHNNL_MAX_COUNT
                0x20000024        0x4 .build/usbd_api.o
                0x20000024                CHNNL_MAX_COUNT
 .bss.EP_MAX_COUNT
                0x20000028        0x4 .build/usbd_api.o
                0x20000028                EP_MAX_COUNT
 .bss.USB_OTG_BASE_ADDR
                0x2000002c        0x4 .build/usbd_api.o
                0x2000002c                USB_OTG_BASE_ADDR
 *(COMMON)
                0x20000030                . = ALIGN (0x4)
                0x20000030                _ebss = .
                0x20000030                __bss_end__ = _ebss

._user_heap_stack
                0x20000030      0x600 load address 0x08000514
                0x20000030                . = ALIGN (0x8)
                [!provide]                PROVIDE (end = .)
                [!provide]                PROVIDE (_end = .)
                0x20000230                . = (. + _Min_Heap_Size)
 *fill*         0x20000030      0x200 
                0x20000630                . = (. + _Min_Stack_Size)
 *fill*         0x20000230      0x400 
                0x20000630                . = ALIGN (0x8)

/DISCARD/
 libc.a(*)
 libm.a(*)
 libgcc.a(*)

.ARM.attributes
                0x00000000       0x30
 *(.ARM.attributes)
 .ARM.attributes
                0x00000000       0x1e d:/gnu_tools/gnu arm embedded toolchain/10 2021.10/bin/../lib/gcc/arm-none-eabi/10.3.1/thumb/v7e-m+fp/hard/crti.o
 .ARM.attributes
                0x0000001e       0x34 d:/gnu_tools/gnu arm embedded toolchain/10 2021.10/bin/../lib/gcc/arm-none-eabi/10.3.1/thumb/v7e-m+fp/hard/crtbegin.o
 .ARM.attributes
                0x00000052       0x34 .build/main.o
 .ARM.attributes
                0x00000086       0x34 .build/GPIO.o
 .ARM.attributes
                0x000000ba       0x34 .build/System.o
 .ARM.attributes
                0x000000ee       0x34 .build/usbd_api.o
 .ARM.attributes
                0x00000122       0x34 .build/usbd_irq.o
 .ARM.attributes
                0x00000156       0x21 .build/_startup_stm32f401xc.o
 .ARM.attributes
                0x00000177       0x34 d:/gnu_tools/gnu arm embedded toolchain/10 2021.10/bin/../lib/gcc/arm-none-eabi/10.3.1/../../../../arm-none-eabi/lib/thumb/v7e-m+fp/hard\libc_nano.a(lib_a-init.o)
 .ARM.attributes
                0x000001ab       0x1e d:/gnu_tools/gnu arm embedded toolchain/10 2021.10/bin/../lib/gcc/arm-none-eabi/10.3.1/thumb/v7e-m+fp/hard/crtn.o
OUTPUT(.build/USB_tut.elf elf32-littlearm)
LOAD linker stubs
LOAD d:/gnu_tools/gnu arm embedded toolchain/10 2021.10/bin/../lib/gcc/arm-none-eabi/10.3.1/../../../../arm-none-eabi/lib/thumb/v7e-m+fp/hard\libc.a
LOAD d:/gnu_tools/gnu arm embedded toolchain/10 2021.10/bin/../lib/gcc/arm-none-eabi/10.3.1/../../../../arm-none-eabi/lib/thumb/v7e-m+fp/hard\libm.a
LOAD d:/gnu_tools/gnu arm embedded toolchain/10 2021.10/bin/../lib/gcc/arm-none-eabi/10.3.1/thumb/v7e-m+fp/hard\libgcc.a

.debug_info     0x00000000     0x2803
 .debug_info    0x00000000       0xd5 .build/main.o
 .debug_info    0x000000d5      0x668 .build/GPIO.o
 .debug_info    0x0000073d      0xba6 .build/System.o
 .debug_info    0x000012e3     0x14be .build/usbd_api.o
 .debug_info    0x000027a1       0x40 .build/usbd_irq.o
 .debug_info    0x000027e1       0x22 .build/_startup_stm32f401xc.o

.debug_abbrev   0x00000000      0x79b
 .debug_abbrev  0x00000000       0x69 .build/main.o
 .debug_abbrev  0x00000069      0x1a0 .build/GPIO.o
 .debug_abbrev  0x00000209      0x28d .build/System.o
 .debug_abbrev  0x00000496      0x2c3 .build/usbd_api.o
 .debug_abbrev  0x00000759       0x30 .build/usbd_irq.o
 .debug_abbrev  0x00000789       0x12 .build/_startup_stm32f401xc.o

.debug_loc      0x00000000      0x404
 .debug_loc     0x00000000       0x20 .build/main.o
 .debug_loc     0x00000020      0x294 .build/GPIO.o
 .debug_loc     0x000002b4       0xbe .build/System.o
 .debug_loc     0x00000372       0x92 .build/usbd_api.o

.debug_aranges  0x00000000      0x138
 .debug_aranges
                0x00000000       0x20 .build/main.o
 .debug_aranges
                0x00000020       0x48 .build/GPIO.o
 .debug_aranges
                0x00000068       0x68 .build/System.o
 .debug_aranges
                0x000000d0       0x20 .build/usbd_api.o
 .debug_aranges
                0x000000f0       0x20 .build/usbd_irq.o
 .debug_aranges
                0x00000110       0x28 .build/_startup_stm32f401xc.o

.debug_ranges   0x00000000       0xe0
 .debug_ranges  0x00000000       0x10 .build/main.o
 .debug_ranges  0x00000010       0x38 .build/GPIO.o
 .debug_ranges  0x00000048       0x58 .build/System.o
 .debug_ranges  0x000000a0       0x10 .build/usbd_api.o
 .debug_ranges  0x000000b0       0x10 .build/usbd_irq.o
 .debug_ranges  0x000000c0       0x20 .build/_startup_stm32f401xc.o

.debug_line     0x00000000      0xbdc
 .debug_line    0x00000000       0x9f .build/main.o
 .debug_line    0x0000009f      0x368 .build/GPIO.o
 .debug_line    0x00000407      0x473 .build/System.o
 .debug_line    0x0000087a      0x294 .build/usbd_api.o
 .debug_line    0x00000b0e       0x58 .build/usbd_irq.o
 .debug_line    0x00000b66       0x76 .build/_startup_stm32f401xc.o

.debug_str      0x00000000      0xf1e
 .debug_str     0x00000000      0x166 .build/main.o
                                0x19f (size before relaxing)
 .debug_str     0x00000166      0x269 .build/GPIO.o
                                0x3e4 (size before relaxing)
 .debug_str     0x000003cf      0x58e .build/System.o
                                0x85f (size before relaxing)
 .debug_str     0x0000095d      0x564 .build/usbd_api.o
                                0xce6 (size before relaxing)
 .debug_str     0x00000ec1       0x38 .build/usbd_irq.o
                                0x10a (size before relaxing)
 .debug_str     0x00000ef9       0x25 .build/_startup_stm32f401xc.o
                                 0x52 (size before relaxing)

.comment        0x00000000       0x49
 .comment       0x00000000       0x49 .build/main.o
                                 0x4a (size before relaxing)
 .comment       0x00000049       0x4a .build/GPIO.o
 .comment       0x00000049       0x4a .build/System.o
 .comment       0x00000049       0x4a .build/usbd_api.o
 .comment       0x00000049       0x4a .build/usbd_irq.o

.debug_frame    0x00000000      0x1fc
 .debug_frame   0x00000000       0x28 .build/main.o
 .debug_frame   0x00000028       0x94 .build/GPIO.o
 .debug_frame   0x000000bc       0xc0 .build/System.o
 .debug_frame   0x0000017c       0x34 .build/usbd_api.o
 .debug_frame   0x000001b0       0x20 .build/usbd_irq.o
 .debug_frame   0x000001d0       0x2c d:/gnu_tools/gnu arm embedded toolchain/10 2021.10/bin/../lib/gcc/arm-none-eabi/10.3.1/../../../../arm-none-eabi/lib/thumb/v7e-m+fp/hard\libc_nano.a(lib_a-init.o)

Cross Reference Table

Symbol                                            File
ADC_IRQHandler                                    .build/_startup_stm32f401xc.o
BusFault_Handler                                  .build/_startup_stm32f401xc.o
CHNNL_MAX_COUNT                                   .build/usbd_api.o
ConfigSysTick1ms                                  .build/System.o
                                                  .build/main.o
DMA1_Stream0_IRQHandler                           .build/_startup_stm32f401xc.o
DMA1_Stream1_IRQHandler                           .build/_startup_stm32f401xc.o
DMA1_Stream2_IRQHandler                           .build/_startup_stm32f401xc.o
DMA1_Stream3_IRQHandler                           .build/_startup_stm32f401xc.o
DMA1_Stream4_IRQHandler                           .build/_startup_stm32f401xc.o
DMA1_Stream5_IRQHandler                           .build/_startup_stm32f401xc.o
DMA1_Stream6_IRQHandler                           .build/_startup_stm32f401xc.o
DMA1_Stream7_IRQHandler                           .build/_startup_stm32f401xc.o
DMA2_Stream0_IRQHandler                           .build/_startup_stm32f401xc.o
DMA2_Stream1_IRQHandler                           .build/_startup_stm32f401xc.o
DMA2_Stream2_IRQHandler                           .build/_startup_stm32f401xc.o
DMA2_Stream3_IRQHandler                           .build/_startup_stm32f401xc.o
DMA2_Stream4_IRQHandler                           .build/_startup_stm32f401xc.o
DMA2_Stream5_IRQHandler                           .build/_startup_stm32f401xc.o
DMA2_Stream6_IRQHandler                           .build/_startup_stm32f401xc.o
DMA2_Stream7_IRQHandler                           .build/_startup_stm32f401xc.o
DebugMon_Handler                                  .build/_startup_stm32f401xc.o
Default_Handler                                   .build/_startup_stm32f401xc.o
DelayMs                                           .build/System.o
EP_MAX_COUNT                                      .build/usbd_api.o
EXTI0_IRQHandler                                  .build/_startup_stm32f401xc.o
EXTI15_10_IRQHandler                              .build/_startup_stm32f401xc.o
EXTI1_IRQHandler                                  .build/_startup_stm32f401xc.o
EXTI2_IRQHandler                                  .build/_startup_stm32f401xc.o
EXTI3_IRQHandler                                  .build/_startup_stm32f401xc.o
EXTI4_IRQHandler                                  .build/_startup_stm32f401xc.o
EXTI9_5_IRQHandler                                .build/_startup_stm32f401xc.o
EnablePwrDomain                                   .build/System.o
EntryStandby                                      .build/System.o
EntryStopMode                                     .build/System.o
EntryWFI                                          .build/System.o
FLASH_IRQHandler                                  .build/_startup_stm32f401xc.o
FPU_IRQHandler                                    .build/_startup_stm32f401xc.o
GPIO_Init                                         .build/GPIO.o
                                                  .build/usbd_api.o
GPIO_PinReset                                     .build/GPIO.o
GPIO_PinSet                                       .build/GPIO.o
GetSysTime                                        .build/System.o
HardFault_Handler                                 .build/_startup_stm32f401xc.o
I2C1_ER_IRQHandler                                .build/_startup_stm32f401xc.o
I2C1_EV_IRQHandler                                .build/_startup_stm32f401xc.o
I2C2_ER_IRQHandler                                .build/_startup_stm32f401xc.o
I2C2_EV_IRQHandler                                .build/_startup_stm32f401xc.o
I2C3_ER_IRQHandler                                .build/_startup_stm32f401xc.o
I2C3_EV_IRQHandler                                .build/_startup_stm32f401xc.o
Led_Cfg                                           .build/GPIO.o
MemManage_Handler                                 .build/_startup_stm32f401xc.o
NMI_Handler                                       .build/_startup_stm32f401xc.o
OTG_FS_IRQHandler                                 .build/usbd_irq.o
OTG_FS_WKUP_IRQHandler                            .build/_startup_stm32f401xc.o
PLL_Config84Mhz                                   .build/System.o
                                                  .build/main.o
PVD_IRQHandler                                    .build/_startup_stm32f401xc.o
PendSV_Handler                                    .build/_startup_stm32f401xc.o
RCC_IRQHandler                                    .build/_startup_stm32f401xc.o
RTC_Alarm_IRQHandler                              .build/_startup_stm32f401xc.o
RTC_Get_Date                                      .build/RTC.o
RTC_Get_Time                                      .build/RTC.o
RTC_Init                                          .build/RTC.o
RTC_Set_Date                                      .build/RTC.o
RTC_Set_Time                                      .build/RTC.o
RTC_Start                                         .build/RTC.o
RTC_WKUP_IRQHandler                               .build/_startup_stm32f401xc.o
RegisterSysTickCallBack                           .build/System.o
Reset_Handler                                     .build/_startup_stm32f401xc.o
SDIO_IRQHandler                                   .build/_startup_stm32f401xc.o
SPI1_IRQHandler                                   .build/_startup_stm32f401xc.o
SPI2_IRQHandler                                   .build/_startup_stm32f401xc.o
SPI3_IRQHandler                                   .build/_startup_stm32f401xc.o
SPI4_IRQHandler                                   .build/_startup_stm32f401xc.o
SVC_Handler                                       .build/_startup_stm32f401xc.o
SysTick_Handler                                   .build/System.o
SysTime                                           .build/System.o
TAMP_STAMP_IRQHandler                             .build/_startup_stm32f401xc.o
TIM1_BRK_TIM9_IRQHandler                          .build/_startup_stm32f401xc.o
TIM1_CC_IRQHandler                                .build/_startup_stm32f401xc.o
TIM1_TRG_COM_TIM11_IRQHandler                     .build/_startup_stm32f401xc.o
TIM1_UP_TIM10_IRQHandler                          .build/_startup_stm32f401xc.o
TIM2_IRQHandler                                   .build/_startup_stm32f401xc.o
TIM3_IRQHandler                                   .build/_startup_stm32f401xc.o
TIM4_IRQHandler                                   .build/_startup_stm32f401xc.o
TIM5_IRQHandler                                   .build/_startup_stm32f401xc.o
USART1_IRQHandler                                 .build/_startup_stm32f401xc.o
USART2_IRQHandler                                 .build/_startup_stm32f401xc.o
USART6_IRQHandler                                 .build/_startup_stm32f401xc.o
USBD_periphInit                                   .build/usbd_api.o
                                                  .build/main.o
USB_OTG_BASE_ADDR                                 .build/usbd_api.o
UsageFault_Handler                                .build/_startup_stm32f401xc.o
WWDG_IRQHandler                                   .build/_startup_stm32f401xc.o
__bss_end__                                       d:/gnu_tools/gnu arm embedded toolchain/10 2021.10/bin/../lib/gcc/arm-none-eabi/10.3.1/../../../../arm-none-eabi/lib/thumb/v7e-m+fp/hard/crt0.o
__bss_start__                                     d:/gnu_tools/gnu arm embedded toolchain/10 2021.10/bin/../lib/gcc/arm-none-eabi/10.3.1/../../../../arm-none-eabi/lib/thumb/v7e-m+fp/hard/crt0.o
__call_exitprocs                                  d:/gnu_tools/gnu arm embedded toolchain/10 2021.10/bin/../lib/gcc/arm-none-eabi/10.3.1/../../../../arm-none-eabi/lib/thumb/v7e-m+fp/hard\libc_nano.a(lib_a-exit.o)
__deregister_frame_info                           d:/gnu_tools/gnu arm embedded toolchain/10 2021.10/bin/../lib/gcc/arm-none-eabi/10.3.1/thumb/v7e-m+fp/hard/crtbegin.o
__dso_handle                                      d:/gnu_tools/gnu arm embedded toolchain/10 2021.10/bin/../lib/gcc/arm-none-eabi/10.3.1/thumb/v7e-m+fp/hard/crtbegin.o
__init_array_end                                  d:/gnu_tools/gnu arm embedded toolchain/10 2021.10/bin/../lib/gcc/arm-none-eabi/10.3.1/../../../../arm-none-eabi/lib/thumb/v7e-m+fp/hard\libc_nano.a(lib_a-init.o)
__init_array_start                                d:/gnu_tools/gnu arm embedded toolchain/10 2021.10/bin/../lib/gcc/arm-none-eabi/10.3.1/../../../../arm-none-eabi/lib/thumb/v7e-m+fp/hard\libc_nano.a(lib_a-init.o)
__libc_fini_array                                 d:/gnu_tools/gnu arm embedded toolchain/10 2021.10/bin/../lib/gcc/arm-none-eabi/10.3.1/../../../../arm-none-eabi/lib/thumb/v7e-m+fp/hard/crt0.o
__libc_init_array                                 d:/gnu_tools/gnu arm embedded toolchain/10 2021.10/bin/../lib/gcc/arm-none-eabi/10.3.1/../../../../arm-none-eabi/lib/thumb/v7e-m+fp/hard\libc_nano.a(lib_a-init.o)
                                                  .build/_startup_stm32f401xc.o
                                                  d:/gnu_tools/gnu arm embedded toolchain/10 2021.10/bin/../lib/gcc/arm-none-eabi/10.3.1/../../../../arm-none-eabi/lib/thumb/v7e-m+fp/hard/crt0.o
__preinit_array_end                               d:/gnu_tools/gnu arm embedded toolchain/10 2021.10/bin/../lib/gcc/arm-none-eabi/10.3.1/../../../../arm-none-eabi/lib/thumb/v7e-m+fp/hard\libc_nano.a(lib_a-init.o)
__preinit_array_start                             d:/gnu_tools/gnu arm embedded toolchain/10 2021.10/bin/../lib/gcc/arm-none-eabi/10.3.1/../../../../arm-none-eabi/lib/thumb/v7e-m+fp/hard\libc_nano.a(lib_a-init.o)
__register_frame_info                             d:/gnu_tools/gnu arm embedded toolchain/10 2021.10/bin/../lib/gcc/arm-none-eabi/10.3.1/thumb/v7e-m+fp/hard/crtbegin.o
__sf_fake_stderr                                  d:/gnu_tools/gnu arm embedded toolchain/10 2021.10/bin/../lib/gcc/arm-none-eabi/10.3.1/../../../../arm-none-eabi/lib/thumb/v7e-m+fp/hard\libc_nano.a(lib_a-impure.o)
__sf_fake_stdin                                   d:/gnu_tools/gnu arm embedded toolchain/10 2021.10/bin/../lib/gcc/arm-none-eabi/10.3.1/../../../../arm-none-eabi/lib/thumb/v7e-m+fp/hard\libc_nano.a(lib_a-impure.o)
__sf_fake_stdout                                  d:/gnu_tools/gnu arm embedded toolchain/10 2021.10/bin/../lib/gcc/arm-none-eabi/10.3.1/../../../../arm-none-eabi/lib/thumb/v7e-m+fp/hard\libc_nano.a(lib_a-impure.o)
__stack                                           d:/gnu_tools/gnu arm embedded toolchain/10 2021.10/bin/../lib/gcc/arm-none-eabi/10.3.1/../../../../arm-none-eabi/lib/thumb/v7e-m+fp/hard/crt0.o
_ebss                                             .build/_startup_stm32f401xc.o
_edata                                            .build/_startup_stm32f401xc.o
_estack                                           .build/_startup_stm32f401xc.o
_exit                                             d:/gnu_tools/gnu arm embedded toolchain/10 2021.10/bin/../lib/gcc/arm-none-eabi/10.3.1/../../../../arm-none-eabi/lib/thumb/v7e-m+fp/hard\libnosys.a(_exit.o)
                                                  d:/gnu_tools/gnu arm embedded toolchain/10 2021.10/bin/../lib/gcc/arm-none-eabi/10.3.1/../../../../arm-none-eabi/lib/thumb/v7e-m+fp/hard\libc_nano.a(lib_a-exit.o)
_fini                                             d:/gnu_tools/gnu arm embedded toolchain/10 2021.10/bin/../lib/gcc/arm-none-eabi/10.3.1/thumb/v7e-m+fp/hard/crti.o
_global_impure_ptr                                d:/gnu_tools/gnu arm embedded toolchain/10 2021.10/bin/../lib/gcc/arm-none-eabi/10.3.1/../../../../arm-none-eabi/lib/thumb/v7e-m+fp/hard\libc_nano.a(lib_a-impure.o)
                                                  d:/gnu_tools/gnu arm embedded toolchain/10 2021.10/bin/../lib/gcc/arm-none-eabi/10.3.1/../../../../arm-none-eabi/lib/thumb/v7e-m+fp/hard\libc_nano.a(lib_a-exit.o)
_impure_ptr                                       d:/gnu_tools/gnu arm embedded toolchain/10 2021.10/bin/../lib/gcc/arm-none-eabi/10.3.1/../../../../arm-none-eabi/lib/thumb/v7e-m+fp/hard\libc_nano.a(lib_a-impure.o)
_init                                             d:/gnu_tools/gnu arm embedded toolchain/10 2021.10/bin/../lib/gcc/arm-none-eabi/10.3.1/thumb/v7e-m+fp/hard/crti.o
                                                  d:/gnu_tools/gnu arm embedded toolchain/10 2021.10/bin/../lib/gcc/arm-none-eabi/10.3.1/../../../../arm-none-eabi/lib/thumb/v7e-m+fp/hard\libc_nano.a(lib_a-init.o)
_mainCRTStartup                                   d:/gnu_tools/gnu arm embedded toolchain/10 2021.10/bin/../lib/gcc/arm-none-eabi/10.3.1/../../../../arm-none-eabi/lib/thumb/v7e-m+fp/hard/crt0.o
_sbss                                             .build/_startup_stm32f401xc.o
_sdata                                            .build/_startup_stm32f401xc.o
_sidata                                           .build/_startup_stm32f401xc.o
_stack_init                                       d:/gnu_tools/gnu arm embedded toolchain/10 2021.10/bin/../lib/gcc/arm-none-eabi/10.3.1/../../../../arm-none-eabi/lib/thumb/v7e-m+fp/hard/crt0.o
_start                                            d:/gnu_tools/gnu arm embedded toolchain/10 2021.10/bin/../lib/gcc/arm-none-eabi/10.3.1/../../../../arm-none-eabi/lib/thumb/v7e-m+fp/hard/crt0.o
atexit                                            d:/gnu_tools/gnu arm embedded toolchain/10 2021.10/bin/../lib/gcc/arm-none-eabi/10.3.1/../../../../arm-none-eabi/lib/thumb/v7e-m+fp/hard/crt0.o
exit                                              d:/gnu_tools/gnu arm embedded toolchain/10 2021.10/bin/../lib/gcc/arm-none-eabi/10.3.1/../../../../arm-none-eabi/lib/thumb/v7e-m+fp/hard\libc_nano.a(lib_a-exit.o)
                                                  d:/gnu_tools/gnu arm embedded toolchain/10 2021.10/bin/../lib/gcc/arm-none-eabi/10.3.1/../../../../arm-none-eabi/lib/thumb/v7e-m+fp/hard/crt0.o
g_pfnVectors                                      .build/_startup_stm32f401xc.o
hardware_init_hook                                d:/gnu_tools/gnu arm embedded toolchain/10 2021.10/bin/../lib/gcc/arm-none-eabi/10.3.1/../../../../arm-none-eabi/lib/thumb/v7e-m+fp/hard/crt0.o
main                                              .build/main.o
                                                  .build/_startup_stm32f401xc.o
                                                  d:/gnu_tools/gnu arm embedded toolchain/10 2021.10/bin/../lib/gcc/arm-none-eabi/10.3.1/../../../../arm-none-eabi/lib/thumb/v7e-m+fp/hard/crt0.o
memset                                            d:/gnu_tools/gnu arm embedded toolchain/10 2021.10/bin/../lib/gcc/arm-none-eabi/10.3.1/../../../../arm-none-eabi/lib/thumb/v7e-m+fp/hard\libc_nano.a(lib_a-memset.o)
                                                  d:/gnu_tools/gnu arm embedded toolchain/10 2021.10/bin/../lib/gcc/arm-none-eabi/10.3.1/../../../../arm-none-eabi/lib/thumb/v7e-m+fp/hard/crt0.o
software_init_hook                                d:/gnu_tools/gnu arm embedded toolchain/10 2021.10/bin/../lib/gcc/arm-none-eabi/10.3.1/../../../../arm-none-eabi/lib/thumb/v7e-m+fp/hard/crt0.o
toggleLed                                         .build/GPIO.o
tooglePIN                                         .build/GPIO.o
